
============================== warnings summary ===============================
src\db\models.py:22
  C:\Users\averr\AIPROD_V33\src\db\models.py:22: MovedIn20Warning: The ``declarative_base()`` function is now available as sqlalchemy.orm.declarative_base(). (deprecated since: 2.0) (Background on SQLAlchemy 2.0 at: https://sqlalche.me/e/b8d9)
    Base = declarative_base()

tests\unit\test_security.py:274
  C:\Users\averr\AIPROD_V33\tests\unit\test_security.py:274: PytestUnknownMarkWarning: Unknown pytest.mark.unit - is this a typo?  You can register custom marks to avoid this warning - for details, see https://docs.pytest.org/en/stable/how-to/mark.html
    pytestmark = pytest.mark.unit

.venv\Lib\site-packages\_pytest\cacheprovider.py:475
  C:\Users\averr\AIPROD_V33\.venv\Lib\site-packages\_pytest\cacheprovider.py:475: PytestCacheWarning: could not create cache path C:\Users\averr\AIPROD_V33\.pytest_cache\v\cache\nodeids: [WinError 5] AccÞs refusÚ: 'C:\\Users\\averr\\AIPROD_V33\\.pytest_cache\\v\\cache'
    config.cache.set("cache/nodeids", sorted(self.cached_nodeids))

.venv\Lib\site-packages\_pytest\cacheprovider.py:429
  C:\Users\averr\AIPROD_V33\.venv\Lib\site-packages\_pytest\cacheprovider.py:429: PytestCacheWarning: could not create cache path C:\Users\averr\AIPROD_V33\.pytest_cache\v\cache\lastfailed: [WinError 5] AccÞs refusÚ: 'C:\\Users\\averr\\AIPROD_V33\\.pytest_cache\\v\\cache'
    config.cache.set("cache/lastfailed", self.lastfailed)

-- Docs: https://docs.pytest.org/en/stable/how-to/capture-warnings.html
=========================== short test summary info ===========================
ERROR tests/unit/test_api.py
ERROR tests/unit/test_cost_estimator.py
ERROR tests/unit/test_financial_orchestrator.py
ERROR tests/unit/test_gcp_services_integrator.py
ERROR tests/unit/test_icc_manager.py
ERROR tests/unit/test_input_sanitizer.py
ERROR tests/unit/test_p13_real_implementations.py
ERROR tests/unit/test_presets.py
ERROR tests/unit/test_pubsub_client.py
ERROR tests/unit/test_semantic_qa.py
ERROR tests/unit/test_state_machine.py
ERROR tests/unit/test_supervisor.py
ERROR tests/unit/test_technical_qa_gate.py
ERROR tests/unit/test_visual_translator.py
!!!!!!!!!!!!!!!!!! Interrupted: 14 errors during collection !!!!!!!!!!!!!!!!!!!
